s444 41x27 ch=3 red=1 sumsq=0 max=0 ok
s444-d2 21x14 ch=3 red=2 sumsq=0 max=0 ok
s444-d4 11x7 ch=3 red=4 sumsq=0 max=0 ok
s444-d8 6x4 ch=3 red=8 sumsq=0 max=0 ok
s422 41x27 ch=3 red=1 sumsq=0 max=0 ok
s422-d2 21x14 ch=3 red=2 sumsq=0 max=0 ok
s422-d4 11x7 ch=3 red=4 sumsq=0 max=0 ok
s422-d8 6x4 ch=3 red=8 sumsq=0 max=0 ok
s420 41x27 ch=3 red=1 sumsq=0 max=0 ok
s420-d2 21x14 ch=3 red=2 sumsq=0 max=0 ok
s420-d4 11x7 ch=3 red=4 sumsq=0 max=0 ok
s420-d8 6x4 ch=3 red=8 sumsq=0 max=0 ok
s440 41x27 ch=3 red=1 sumsq=0 max=0 ok
s440-d2 21x14 ch=3 red=2 sumsq=0 max=0 ok
s440-d4 11x7 ch=3 red=4 sumsq=0 max=0 ok
s440-d8 6x4 ch=3 red=8 sumsq=0 max=0 ok
s411 41x27 ch=3 red=1 sumsq=0 max=0 ok
s411-d2 21x14 ch=3 red=2 sumsq=0 max=0 ok
s411-d4 11x7 ch=3 red=4 sumsq=0 max=0 ok
s411-d8 6x4 ch=3 red=8 sumsq=0 max=0 ok
s410 41x27 ch=3 red=1 sumsq=0 max=0 ok
s410-d2 21x14 ch=3 red=2 sumsq=0 max=0 ok
s420-q30 41x27 ch=3 red=1 sumsq=0 max=0 ok
s420-q98 41x27 ch=3 red=1 sumsq=0 max=0 ok
gray 41x27 ch=1 red=1 sumsq=0 max=0 ok
gray-d2 21x14 ch=1 red=2 sumsq=0 max=0 ok
gray-d4 11x7 ch=1 red=4 sumsq=0 max=0 ok
gray-d8 6x4 ch=1 red=8 sumsq=0 max=0 ok
gray-2x2 41x27 ch=1 red=1 sumsq=0 max=0 ok
s420-tiny 1x1 ch=3 red=1 sumsq=0 max=0 ok
s420-9x9 9x9 ch=3 red=1 sumsq=0 max=0 ok
s420-9x9-d2 5x5 ch=3 red=2 sumsq=0 max=0 ok
s420-9x9-d4 3x3 ch=3 red=4 sumsq=0 max=0 ok
s420-9x9-d8 2x2 ch=3 red=8 sumsq=0 max=0 ok
s444-16x8 16x8 ch=3 red=1 sumsq=0 max=0 ok
rst1-444 41x27 ch=3 red=1 sumsq=0 max=0 ok
rst3-420 41x27 ch=3 red=1 sumsq=0 max=0 ok
rst2-422 41x27 ch=3 red=1 sumsq=0 max=0 ok
rst4-gray 41x27 ch=1 red=1 sumsq=0 max=0 ok
rst5-sep 41x27 ch=3 red=1 sumsq=0 max=0 ok
scans-separate-444 41x27 ch=3 red=1 sumsq=0 max=0 ok
scans-separate-420 41x27 ch=3 red=1 sumsq=0 max=0 ok
scans-y-cbcr 41x27 ch=3 red=1 sumsq=0 max=0 ok
rgb-adobe 41x27 ch=3 red=1 sumsq=0 max=0 ok
dht-split 41x27 ch=3 red=1 sumsq=0 max=0 ok
fillff 41x27 ch=3 red=1 sumsq=0 max=0 ok
sof1 41x27 ch=3 red=1 sumsq=0 max=0 ok
orient1 41x27 ch=3 red=1 sumsq=0 max=0 ok
orient2 41x27 ch=3 red=1 sumsq=0 max=0 ok
orient3 41x27 ch=3 red=1 sumsq=0 max=0 ok
orient4 41x27 ch=3 red=1 sumsq=0 max=0 ok
orient5 27x41 ch=3 red=1 sumsq=0 max=0 ok
orient6 27x41 ch=3 red=1 sumsq=0 max=0 ok
orient6-d2 14x21 ch=3 red=2 sumsq=0 max=0 ok
orient7 27x41 ch=3 red=1 sumsq=0 max=0 ok
orient8 27x41 ch=3 red=1 sumsq=0 max=0 ok
orient8-d2 14x21 ch=3 red=2 sumsq=0 max=0 ok
orient6-xmp 27x41 ch=3 red=1 sumsq=0 max=0 ok
orient6-gray 27x41 ch=1 red=1 sumsq=0 max=0 ok
icc1 41x27 ch=3 red=1 sumsq=0 max=0 ok
icc2 41x27 ch=3 red=1 sumsq=0 max=0 ok
pil444 83x61 ch=3 red=1 sumsq=0 max=0 ok
pil444-d2 42x31 ch=3 red=2 sumsq=0 max=0 ok
pil444-d4 21x16 ch=3 red=4 sumsq=0 max=0 ok
pil444-d8 11x8 ch=3 red=8 sumsq=0 max=0 ok
pil422 83x61 ch=3 red=1 sumsq=0 max=0 ok
pil422-d2 42x31 ch=3 red=2 sumsq=0 max=0 ok
pil422-d4 21x16 ch=3 red=4 sumsq=0 max=0 ok
pil422-d8 11x8 ch=3 red=8 sumsq=0 max=0 ok
pil420 83x61 ch=3 red=1 sumsq=0 max=0 ok
pil420-d2 42x31 ch=3 red=2 sumsq=0 max=0 ok
pil420-d4 21x16 ch=3 red=4 sumsq=0 max=0 ok
pil420-d8 11x8 ch=3 red=8 sumsq=0 max=0 ok
pil420-opt 83x61 ch=3 red=1 sumsq=0 max=0 ok
fin
